[app-sorteos.com/es/apps/la-ruleta-decide.html]
[backblue.gif]
[fade.gif]
[index.html]
[app-sorteos.com/favicon.png]
[app-sorteos.com/apple-touch-icon.png]
[app-sorteos.com/favicon-32x32.png]
[app-sorteos.com/favicon-16x16.png]
[app-sorteos.com/css/all.front.compiled88ba.css]
[app-sorteos.com/css/wheel4b22.css]
[app-sorteos.com/font/rafflys-icons/styles8a25.css]
[app-sorteos.com/img/sharing/apps/wheel_es.jpg]
[app-sorteos.com/img/isologo.png]
[app-sorteos.com/es/apps/sorteo-instagram.html]
[app-sorteos.com/es/apps/sorteo-facebook.html]
[app-sorteos.com/es/apps/sorteados.html]
[app-sorteos.com/es/apps/sorteo-twitter.html]
[app-sorteos.com/es/apps/sorteo-combinado-instagram-facebook.html]
[app-sorteos.com/es/apps/sorteo-tiktok.html]
[app-sorteos.com/es/apps/sorteo-youtube.html]
[app-sorteos.com/es/apps/sorteo-linkedin.html]
[app-sorteos.com/es/apps/generador-trivias-online.html]
[app-sorteos.com/es/apps/raspa-gana.html]
[app-sorteos.com/es/apps/tirar-dado-online.html]
[app-sorteos.com/es/apps/sortear-grupos-online.html]
[app-sorteos.com/es/apps/sortear-numeros-online.html]
[app-sorteos.com/es/apps/letras-para-instagram.html]
[app-sorteos.com/es/apps/cara-o-cruz.html]
[app-sorteos.com/es/apps/generador-bases-legales.html]
[app-sorteos.com/es/apps/calculadora-de-engagement.html]
[app-sorteos.com/es/apps/generador-de-hashtags.html]
[app-sorteos.com/img/apps/wheel-center-logo-default.jpg]
[app-sorteos.com/es/apps/la-ruleta-decide59fb.html]
[app-sorteos.com/img/apps/wheel-modal-exchange.png]
[platform-api.sharethis.com/js/sharethis.js]
[app-sorteos.com/es/apps/contador-de-palabras.html]
[app-sorteos.com/js/all.front.compiled88ba.js]
[app-sorteos.com/js/frontend.bundle88ba.js]
[app-sorteos.com/js/all.wheel.v2.compiledbb60.js]
[app-sorteos.com/es/apps/la-ruleta-decide.html]
[stpd.cloud/assets/stpdwrapper.js]
[app-sorteos.com/img/landings/giveaways-bg5e1f.jpg]
[app-sorteos.com/css/all.front.compiled88ba.css]
[app-sorteos.com/css/wheel4b22.css]
[app-sorteos.com/font/rafflys-icons/fonts/fa-icons.eot]
[app-sorteos.com/font/rafflys-icons/fonts/fa-iconsd41d.eot]
[app-sorteos.com/font/rafflys-icons/fonts/fa-icons8a25.woff]
[app-sorteos.com/font/rafflys-icons/fonts/fa-icons.ttf]
[app-sorteos.com/font/rafflys-icons/styles8a25.css]
[app-sorteos.com/font/rafflys-icons/fonts/fa-icons.svg]
[app-sorteos.com/img/sharing/apps/instagram_es.jpg]
[app-sorteos.com/img/mesh.jpg]
[app-sorteos.com/es/apps/sorteo-instagram-multicuenta272c.html]
[app-sorteos.com/es/apps/sorteo-instagram-multicuenta80f1.html]
[app-sorteos.com/es/apps/sorteo-instagram-multicuenta6062.html]
[app-sorteos.com/es/apps/sorteo-instagram-multicuentac32f.html]
[app-sorteos.com/es/apps/sorteo-instagram-multicuenta7949.html]
[app-sorteos.com/es/apps/sorteo-instagram-multicuenta8cb6.html]
[app-sorteos.com/es/apps/sorteo-instagram19c6.html]
[app-sorteos.com/es/apps/sorteo-twitter19c6.html]
[app-sorteos.com/es/apps/sorteo-tiktok19c6.html]
[app-sorteos.com/es/apps/la-ruleta-decide19c6.html]
[app-sorteos.com/es/apps/sorteo-instagram-multicuenta.html]
[app-sorteos.com/es/apps/sorteo-instagram.html]
[app-sorteos.com/js/landings/igbiz.26c1110957babaa26079177bd.js]
[app-sorteos.com/img/sharing/apps/facebook_es.jpg]
[img.youtube.com/vi/WijgwPhhguY/mqdefault.jpg]
[connect.facebook.net/en_US/sdk3860.js]
[app-sorteos.com/es/apps/sorteo-facebook.html]
[app-sorteos.com/js/landings/facebook0954.js]
[app-sorteos.com/img/sharing/apps/random-name_es.jpg]
[app-sorteos.com/es/apps/sorteo-facebook19c6.html]
[app-sorteos.com/es/apps/sorteados.html]
[app-sorteos.com/js/apps/random-picker-prod631.js]
[app-sorteos.com/img/sharing/apps/twitter_es.jpg]
[app-sorteos.com/es/apps/sorteo-twitter.html]
[app-sorteos.com/js/landings/tw.96c1110957babaa2633177bd.js]
[app-sorteos.com/img/sharing/default_es.jpg]
[img.youtube.com/vi/Qze4Flbnk6E/mqdefault.jpg]
[app-sorteos.com/js/mixins/social-networks-mixind566.js]
[app-sorteos.com/es/apps/sorteo-combinado-instagram-facebook.html]
[app-sorteos.com/js/apps/multi-network7dc8.js]
[app-sorteos.com/img/sharing/apps/tiktok_es.jpg]
[app-sorteos.com/es/apps/sorteo-tiktok.html]
[app-sorteos.com/js/landings/tt.96c1110957babaa26331c55e.js]
[app-sorteos.com/img/sharing/apps/youtube_es.jpg]
[img.youtube.com/vi/6QhGorK4fN4/mqdefault.jpg]
[img.youtube.com/vi/QSySk8CY9sI/mqdefault.jpg]
[img.youtube.com/vi/QSySk8CY9sI/maxresdefault.jpg]
[app-sorteos.com/es/apps/sorteo-youtube.html]
[app-sorteos.com/js/landings/yt.96c1110957babaa2633177bd.js]
[app-sorteos.com/img/sharing/apps/default_es.4d.delayed]
[img.youtube.com/vi/9ID8pyb0hsg/mqdefault.jpg]
[app-sorteos.com/es/apps/sorteo-linkedin.html]
[app-sorteos.com/js/landings/lk.96c1110957babaa26331110b.js]
[app-sorteos.com/img/sharing/apps/trivia_es.jpg]
[app-sorteos.com/img/landing/logo_shopify.png]
[app-sorteos.com/img/landing/logo_woocommerce.png]
[app-sorteos.com/img/landing/logo_wordpress.png]
[app-sorteos.com/img/landing/logo_squarespace.png]
[app-sorteos.com/img/landing/logo_magento.png]
[app-sorteos.com/img/landing/logo_bigcommerce.png]
[app-sorteos.com/img/landing/logo_wix.png]
[app-sorteos.com/es/apps/generador-trivias-online.html]
[app-sorteos.com/es/apps/raspa-gana.html]
[app-sorteos.com/embed/embed.js]
[app-sorteos.com/img/sharing/apps/dice_es.jpg]
[cmp.setupcmp.com/cmp/cmp/cmp-stub.js]
[cmp.setupcmp.com/cmp/cmp/cmp-v1.js]
[app-sorteos.com/es/apps/tirar-dado-online.html]
[app-sorteos.com/js/apps/dr.96c1110957babaa2633177bd.js]
[app-sorteos.com/img/sharing/apps/teams_es.jpg]
[app-sorteos.com/es/apps/la-ruleta-decidee6f7.html]
[app-sorteos.com/es/apps/tirar-dado-onlinee6f7.html]
[app-sorteos.com/es/apps/sortear-numeros-onlinee6f7.html]
[app-sorteos.com/es/apps/cara-o-cruze6f7.html]
[img.youtube.com/vi/_HhDtF6bsHg/mqdefault.jpg]
[app-sorteos.com/js/all.random_teams.compileddd1f.js]
[app-sorteos.com/es/apps/sortear-grupos-online.html]
[app-sorteos.com/js/vendor/html2canvas.min77bd.js]
[app-sorteos.com/img/sharing/apps/numbers_es.jpg]
[app-sorteos.com/es/apps/sortear-grupos-onlinee6f7.html]
[img.youtube.com/vi/erIREmCa7TE/mqdefault.jpg]
[app-sorteos.com/es/apps/sortear-numeros-online.html]
[app-sorteos.com/js/all.random_numbers.compiled836f.js]
[app-sorteos.com/img/sharing/apps/font-generator_es.jpg]
[img.youtube.com/vi/dDrOGmVoqDI/mqdefault.jpg]
[app-sorteos.com/es/apps/letras-para-instagram.html]
[app-sorteos.com/js/apps/fg.96c1110957babaa2633177bd.js]
[app-sorteos.com/img/sharing/apps/flip-coin_es.jpg]
[app-sorteos.com/js/vendor/howler.min77bd.js]
[app-sorteos.com/es/apps/cara-o-cruz.html]
[app-sorteos.com/js/apps/fc.96c1110957babaa26331020e.js]
[img.youtube.com/vi/KIhaxHrhK80/mqdefault.jpg]
[img.youtube.com/vi/KIhaxHrhK80/maxresdefault.jpg]
[app-sorteos.com/es/apps/generador-bases-legales.html]
[app-sorteos.com/css/apps/instagram_eng_calcf7ee.css]
[img.youtube.com/vi/ZpYtqUaSx_M/mqdefault.jpg]
[cdn.jsdelivr.net/npm/chart.js]
[app-sorteos.com/es/apps/calculadora-de-engagement.html]
[app-sorteos.com/js/landings/ierc.96c1110957babaa263310eba.js]
[img.youtube.com/vi/qGxwS6iorh4/mqdefault.jpg]
[app-sorteos.com/es/apps/generador-de-hashtags.html]
[app-sorteos.com/es/apps/la-ruleta-decide59fb.html]
[app-sorteos.com/js/landings/ihg.96c1110957babaa2607912e4d.js]
[app-sorteos.com/es/apps/contador-de-palabras.html]
[app-sorteos.com/font/rafflys-icons/fonts/fa-icons.svg]
[app-sorteos.com/js/apps/wc.96c1110957babaa2633177bd.js]
[app-sorteos.com/img/chrome.png]
[app-sorteos.com/es/apps/sorteo-instagram-multicuenta272c.html]
[app-sorteos.com/es/apps/sorteo-instagram-multicuenta80f1.html]
[app-sorteos.com/es/apps/sorteo-instagram-multicuenta6062.html]
[app-sorteos.com/es/apps/sorteo-instagram-multicuentac32f.html]
[app-sorteos.com/es/apps/sorteo-instagram-multicuenta7949.html]
[app-sorteos.com/es/apps/sorteo-instagram-multicuenta8cb6.html]
[app-sorteos.com/es/apps/sorteo-instagram19c6.html]
[app-sorteos.com/es/apps/sorteo-twitter19c6.html]
[app-sorteos.com/es/apps/sorteo-tiktok19c6.html]
[app-sorteos.com/es/apps/la-ruleta-decide19c6.html]
[app-sorteos.com/es/apps/sorteo-instagram-multicuenta.html]
[connect.facebook.net/en_US/sdk3860.js]
[app-sorteos.com/es/apps/sorteo-facebook19c6.html]
[app-sorteos.com/img/sharing/apps/default_es.html]
[app-sorteos.com/es/apps/la-ruleta-decidee6f7.html]
[app-sorteos.com/es/apps/tirar-dado-onlinee6f7.html]
[app-sorteos.com/es/apps/sortear-numeros-onlinee6f7.html]
[app-sorteos.com/es/apps/cara-o-cruze6f7.html]
[app-sorteos.com/es/apps/sortear-grupos-onlinee6f7.html]
[app-sorteos.com/css/apps/instagram_eng_calcf7ee.css]
[app-sorteos.com/js/landings/ig.96c1110957babaa263315e7d.js]
